// Jest Snapshot v1, https://goo.gl/fbAQLP

exports[`기존 사진이랑 바뀐게 없는지 비교해보자 - 스냅샷 테스트 1`] = `
<div>
  <div>
    철수는 20살 입니다.
  </div>
  철수의 취미 입력하기: 
  <input
    type="text"
  />
  <button>
    철수랑 놀러가기
  </button>
</div>
`;
