// Jest Snapshot v1, https://goo.gl/fbAQLP

exports[`기존 사진이랑 바뀐게 없는지 비교해보자! - 스냅샷 테스트 1`] = `
<div>
  <h1>
    철수는 14살 입니다.
  </h1>
  <div>
    철수의 취미 입력하게: 
    <input
      type="text"
    />
  </div>
  <button>
    철수랑 놀러가기
  </button>
</div>
`;
